# 3.5. Файловые системы
## 1. Узнайте о sparse (разряженных) файлах.
	Разреженный файл - файл, в котором последовательность нулевых байтов заменена на информацию об этих последовательностях.
	Данное решение хорошо подходит для использования с виртуальными дисками на гостевой машине, файлов которые загружаются частями, а так же других крупных файлов.

## 2. Могут ли файлы, являющиеся жесткой ссылкой на один объект, иметь разные права доступа и владельца? Почему?
	Не могут, так как жесткие ссылки ссылаются на одну inode в которой и содержится информация о правах и владельце.
```shell
denis@denis-lin(0):~$ ls -l | grep file
-rw-rw-r--  1 denis denis       53 ноя 25 10:40 file.md
-rw-rw-r--  1 denis denis       53 ноя 25 10:38 file.txt
denis@denis-lin(0):~$ ln file.md link_file.md
denis@denis-lin(0):~$ ls -ilh | grep file
2759020 -rw-rw-r--  2 denis denis   53 ноя 25 10:40 file.md
2756783 -rw-rw-r--  1 denis denis   53 ноя 25 10:38 file.txt
2759020 -rw-rw-r--  2 denis denis   53 ноя 25 10:40 link_file.md
denis@denis-lin(0):~$ chmod 0777 file.md
denis@denis-lin(0):~$ ls -ilh | grep file
2759020 -rwxrwxrwx  2 denis denis   53 ноя 25 10:40 file.md
2756783 -rw-rw-r--  1 denis denis   53 ноя 25 10:38 file.txt
2759020 -rwxrwxrwx  2 denis denis   53 ноя 25 10:40 link_file.md
```

## 3. Сделайте vagrant destroy на имеющийся инстанс Ubuntu. Замените содержимое Vagrantfile следующим:
```vagrant
path_to_disk_folder = './disks'

host_params = {
    'disk_size' => 2560,
    'disks'=>[1, 2],
    'cpus'=>2,
    'memory'=>2048,
    'hostname'=>'sysadm-fs',
    'vm_name'=>'sysadm-fs'
}
Vagrant.configure("2") do |config|
    config.vm.box = "bento/ubuntu-20.04"
    config.vm.hostname=host_params['hostname']
    config.vm.provider :virtualbox do |v|

        v.name=host_params['vm_name']
        v.cpus=host_params['cpus']
        v.memory=host_params['memory']

        host_params['disks'].each do |disk|
            file_to_disk=path_to_disk_folder+'/disk'+disk.to_s+'.vdi'
            unless File.exist?(file_to_disk)
                v.customize ['createmedium', '--filename', file_to_disk, '--size', host_params['disk_size']]
            end
            v.customize ['storageattach', :id, '--storagectl', 'SATA Controller', '--port', disk.to_s, '--device', 0, '--type', 'hdd', '--medium', file_to_disk]
        end
    end
#    config.vm.network "private_network", type: "dhcp"
end
```
```shell
vagrant@sysadm-fs:~$ lsblk
NAME                      MAJ:MIN RM  SIZE RO TYPE MOUNTPOINT
loop0                       7:0    0 63.2M  1 loop /snap/core20/1695
loop1                       7:1    0 61.9M  1 loop /snap/core20/1328
loop2                       7:2    0 43.6M  1 loop /snap/snapd/14978
loop3                       7:3    0   48M  1 loop /snap/snapd/17336
loop4                       7:4    0 67.2M  1 loop /snap/lxd/21835
loop5                       7:5    0 67.8M  1 loop /snap/lxd/22753
sda                         8:0    0   64G  0 disk
├─sda1                      8:1    0    1M  0 part
├─sda2                      8:2    0  1.5G  0 part /boot
└─sda3                      8:3    0 62.5G  0 part
  └─ubuntu--vg-ubuntu--lv 253:0    0 31.3G  0 lvm  /
sdb                         8:16   0  2.5G  0 disk
sdc                         8:32   0  2.5G  0 disk
```
## 4. Используя `fdisk`, разбейте первый диск на 2 раздела: 2 Гб, оставшееся пространство.
```shell
vagrant@sysadm-fs:~$ sudo fdisk /dev/sdb

Welcome to fdisk (util-linux 2.34).
Changes will remain in memory only, until you decide to write them.
Be careful before using the write command.

Device does not contain a recognized partition table.
Created a new DOS disklabel with disk identifier 0x4b8a631e.

Command (m for help): n
Partition type
   p   primary (0 primary, 0 extended, 4 free)
   e   extended (container for logical partitions)
Select (default p):

Using default response p.
Partition number (1-4, default 1):
First sector (2048-5242879, default 2048):
Last sector, +/-sectors or +/-size{K,M,G,T,P} (2048-5242879, default 5242879): +2G

Created a new partition 1 of type 'Linux' and of size 2 GiB.

Command (m for help): n
Partition type
   p   primary (1 primary, 0 extended, 3 free)
   e   extended (container for logical partitions)
Select (default p): p
Partition number (2-4, default 2):
First sector (4196352-5242879, default 4196352):
Last sector, +/-sectors or +/-size{K,M,G,T,P} (4196352-5242879, default 5242879):

Created a new partition 2 of type 'Linux' and of size 511 MiB.

Command (m for help): w
The partition table has been altered.
Calling ioctl() to re-read partition table.
Syncing disks.

vagrant@sysadm-fs:~$ lsblk
NAME                      MAJ:MIN RM  SIZE RO TYPE MOUNTPOINT
loop0                       7:0    0 63.2M  1 loop /snap/core20/1695
loop1                       7:1    0 61.9M  1 loop /snap/core20/1328
loop2                       7:2    0 91.8M  1 loop /snap/lxd/23991
loop3                       7:3    0   48M  1 loop
loop5                       7:5    0 67.8M  1 loop /snap/lxd/22753
loop6                       7:6    0 49.6M  1 loop /snap/snapd/17883
sda                         8:0    0   64G  0 disk
├─sda1                      8:1    0    1M  0 part
├─sda2                      8:2    0  1.5G  0 part /boot
└─sda3                      8:3    0 62.5G  0 part
  └─ubuntu--vg-ubuntu--lv 253:0    0 31.3G  0 lvm  /
sdb                         8:16   0  2.5G  0 disk
├─sdb1                      8:17   0    2G  0 part
└─sdb2                      8:18   0  511M  0 part
sdc                         8:32   0  2.5G  0 disk
```
## 5. Используя `sfdisk`, перенесите данную таблицу разделов на второй диск.
```shell
vagrant@sysadm-fs:~$ sudo sfdisk -d /dev/sdb | sudo sfdisk /dev/sdc
Checking that no-one is using this disk right now ... OK

Disk /dev/sdc: 2.51 GiB, 2684354560 bytes, 5242880 sectors
Disk model: VBOX HARDDISK
Units: sectors of 1 * 512 = 512 bytes
Sector size (logical/physical): 512 bytes / 512 bytes
I/O size (minimum/optimal): 512 bytes / 512 bytes

>>> Script header accepted.
>>> Script header accepted.
>>> Script header accepted.
>>> Script header accepted.
>>> Created a new DOS disklabel with disk identifier 0x4b8a631e.
/dev/sdc1: Created a new partition 1 of type 'Linux' and of size 2 GiB.
/dev/sdc2: Created a new partition 2 of type 'Linux' and of size 511 MiB.
/dev/sdc3: Done.

New situation:
Disklabel type: dos
Disk identifier: 0x4b8a631e

Device     Boot   Start     End Sectors  Size Id Type
/dev/sdc1          2048 4196351 4194304    2G 83 Linux
/dev/sdc2       4196352 5242879 1046528  511M 83 Linux

The partition table has been altered.
Calling ioctl() to re-read partition table.
Syncing disks.

vagrant@sysadm-fs:~$ lsblk
NAME                      MAJ:MIN RM  SIZE RO TYPE MOUNTPOINT
loop0                       7:0    0 63.2M  1 loop /snap/core20/1695
loop1                       7:1    0 61.9M  1 loop /snap/core20/1328
loop2                       7:2    0 91.8M  1 loop /snap/lxd/23991
loop3                       7:3    0   48M  1 loop
loop5                       7:5    0 67.8M  1 loop /snap/lxd/22753
loop6                       7:6    0 49.6M  1 loop /snap/snapd/17883
sda                         8:0    0   64G  0 disk
├─sda1                      8:1    0    1M  0 part
├─sda2                      8:2    0  1.5G  0 part /boot
└─sda3                      8:3    0 62.5G  0 part
  └─ubuntu--vg-ubuntu--lv 253:0    0 31.3G  0 lvm  /
sdb                         8:16   0  2.5G  0 disk
├─sdb1                      8:17   0    2G  0 part
└─sdb2                      8:18   0  511M  0 part
sdc                         8:32   0  2.5G  0 disk
├─sdc1                      8:33   0    2G  0 part
└─sdc2                      8:34   0  511M  0 part
```
## 6. Соберите mdadm RAID1 на паре разделов 2 Гб.
```shell
vagrant@sysadm-fs:~$ sudo mdadm --create /dev/md0 --level=1 --raid-devices=2 /dev/sd[bc]1
mdadm: Note: this array has metadata at the start and
    may not be suitable as a boot device.  If you plan to
    store '/boot' on this device please ensure that
    your boot-loader understands md/v1.x metadata, or use
    --metadata=0.90
Continue creating array? y
mdadm: Defaulting to version 1.2 metadata
mdadm: array /dev/md0 started.

vagrant@sysadm-fs:~$ lsblk
NAME                      MAJ:MIN RM  SIZE RO TYPE  MOUNTPOINT
loop0                       7:0    0 70.3M  1 loop  /snap/lxd/21029
loop1                       7:1    0 55.4M  1 loop  /snap/core18/2128
loop3                       7:3    0 44.7M  1 loop  /snap/snapd/15534
loop4                       7:4    0 61.9M  1 loop  /snap/core20/1434
loop5                       7:5    0 55.5M  1 loop  /snap/core18/2344
loop6                       7:6    0 67.8M  1 loop  /snap/lxd/22753
sda                         8:0    0   64G  0 disk
├─sda1                      8:1    0    1M  0 part
├─sda2                      8:2    0    1G  0 part  /boot
└─sda3                      8:3    0   63G  0 part
  └─ubuntu--vg-ubuntu--lv 253:0    0 31.5G  0 lvm   /
sdb                         8:16   0  2.5G  0 disk
├─sdb1                      8:17   0    2G  0 part
│ └─md0                     9:0    0    2G  0 raid1
└─sdb2                      8:18   0  511M  0 part
sdc                         8:32   0  2.5G  0 disk
├─sdc1                      8:33   0    2G  0 part
│ └─md0                     9:0    0    2G  0 raid1
└─sdc2                      8:34   0  511M  0 part
```
## 7. Соберите mdadm RAID0 на второй паре маленьких разделов.
```shell
vagrant@sysadm-fs:~$ sudo mdadm --create /dev/md1 --level=0 --raid-devices=2 /dev/sd[bc]2
mdadm: Defaulting to version 1.2 metadata
mdadm: array /dev/md1 started.

vagrant@sysadm-fs:~$ lsblk
NAME                      MAJ:MIN RM  SIZE RO TYPE  MOUNTPOINT
loop0                       7:0    0 70.3M  1 loop  /snap/lxd/21029
loop1                       7:1    0 55.4M  1 loop  /snap/core18/2128
loop3                       7:3    0 44.7M  1 loop  /snap/snapd/15534
loop4                       7:4    0 61.9M  1 loop  /snap/core20/1434
loop5                       7:5    0 55.5M  1 loop  /snap/core18/2344
loop6                       7:6    0 67.8M  1 loop  /snap/lxd/22753
sda                         8:0    0   64G  0 disk
├─sda1                      8:1    0    1M  0 part
├─sda2                      8:2    0    1G  0 part  /boot
└─sda3                      8:3    0   63G  0 part
  └─ubuntu--vg-ubuntu--lv 253:0    0 31.5G  0 lvm   /
sdb                         8:16   0  2.5G  0 disk
├─sdb1                      8:17   0    2G  0 part
│ └─md0                     9:0    0    2G  0 raid1
└─sdb2                      8:18   0  511M  0 part
  └─md1                     9:1    0 1018M  0 raid0
sdc                         8:32   0  2.5G  0 disk
├─sdc1                      8:33   0    2G  0 part
│ └─md0                     9:0    0    2G  0 raid1
└─sdc2                      8:34   0  511M  0 part
  └─md1                     9:1    0 1018M  0 raid0
```
## 8. Создайте 2 независимых PV на получившихся md-устройствах.
```shell
vagrant@sysadm-fs:~$ sudo pvcreate /dev/md0 /dev/md1
  Physical volume "/dev/md0" successfully created.
  Physical volume "/dev/md1" successfully created.
vagrant@sysadm-fs:~$ sudo pvs
  PV         VG        Fmt  Attr PSize    PFree
  /dev/md0             lvm2 ---    <2.00g   <2.00g
  /dev/md1             lvm2 ---  1018.00m 1018.00m
  /dev/sda3  ubuntu-vg lvm2 a--   <62.50g   31.25g
vagrant@sysadm-fs:~$ sudo pvdisplay
  --- Physical volume ---
  PV Name               /dev/sda3
  VG Name               ubuntu-vg
  PV Size               <62.50 GiB / not usable 0
  Allocatable           yes
  PE Size               4.00 MiB
  Total PE              15999
  Free PE               8000
  Allocated PE          7999
  PV UUID               x7S6t2-at3n-E9kU-cz28-gAH3-QU9H-vyVuNf

  "/dev/md0" is a new physical volume of "<2.00 GiB"
  --- NEW Physical volume ---
  PV Name               /dev/md0
  VG Name
  PV Size               <2.00 GiB
  Allocatable           NO
  PE Size               0
  Total PE              0
  Free PE               0
  Allocated PE          0
  PV UUID               kwrASQ-n1Ve-c9us-4zvz-NMt4-bPrm-TcBiiX

  "/dev/md1" is a new physical volume of "1018.00 MiB"
  --- NEW Physical volume ---
  PV Name               /dev/md1
  VG Name
  PV Size               1018.00 MiB
  Allocatable           NO
  PE Size               0
  Total PE              0
  Free PE               0
  Allocated PE          0
  PV UUID               dlTDOC-3bsn-ua8Q-ZCDu-W7aP-GGOH-JaElnq
```
## 9. Создайте общую volume-group на этих двух PV.
```shell
vagrant@sysadm-fs:~$ sudo vgcreate VG_0 /dev/md0 /dev/md1
  Volume group "VG_0" successfully created
vagrant@sysadm-fs:~$ sudo pvs
  PV         VG        Fmt  Attr PSize    PFree
  /dev/md0   VG_0      lvm2 a--    <2.00g   <2.00g
  /dev/md1   VG_0      lvm2 a--  1016.00m 1016.00m
  /dev/sda3  ubuntu-vg lvm2 a--   <62.50g   31.25g
```
## 10. Создайте LV размером 100 Мб, указав его расположение на PV с RAID0.
```shell
vagrant@sysadm-fs:~$ sudo lvcreate -L 100M VG_0 /dev/md1
  Logical volume "lvol0" created.
vagrant@sysadm-fs:~$ lsblk
NAME                      MAJ:MIN RM  SIZE RO TYPE  MOUNTPOINT
loop0                       7:0    0 63.2M  1 loop  /snap/core20/1695
loop1                       7:1    0 61.9M  1 loop  /snap/core20/1328
loop2                       7:2    0 91.8M  1 loop  /snap/lxd/23991
loop3                       7:3    0   48M  1 loop
loop5                       7:5    0 67.8M  1 loop  /snap/lxd/22753
loop6                       7:6    0 49.6M  1 loop  /snap/snapd/17883
sda                         8:0    0   64G  0 disk
├─sda1                      8:1    0    1M  0 part
├─sda2                      8:2    0  1.5G  0 part  /boot
└─sda3                      8:3    0 62.5G  0 part
  └─ubuntu--vg-ubuntu--lv 253:0    0 31.3G  0 lvm   /
sdb                         8:16   0  2.5G  0 disk
├─sdb1                      8:17   0    2G  0 part
│ └─md0                     9:0    0    2G  0 raid1
└─sdb2                      8:18   0  511M  0 part
  └─md1                     9:1    0 1018M  0 raid0
    └─VG_0-lvol0          253:1    0  100M  0 lvm
sdc                         8:32   0  2.5G  0 disk
├─sdc1                      8:33   0    2G  0 part
│ └─md0                     9:0    0    2G  0 raid1
└─sdc2                      8:34   0  511M  0 part
  └─md1                     9:1    0 1018M  0 raid0
    └─VG_0-lvol0          253:1    0  100M  0 lvm
```

## 11. Создайте `mkfs.ext4` ФС на получившемся LV.
```shell
vagrant@sysadm-fs:~$ sudo mkfs.ext4 /dev/VG_0/lvol0
mke2fs 1.45.5 (07-Jan-2020)
Creating filesystem with 25600 4k blocks and 25600 inodes

Allocating group tables: done
Writing inode tables: done
Creating journal (1024 blocks): done
Writing superblocks and filesystem accounting information: done

vagrant@sysadm-fs:~$ lsblk -f
NAME                      FSTYPE            LABEL       UUID                                   FSAVAIL FSUSE% MOUNTPOINT
loop0                     squashfs                                                                   0   100% /snap/core20/1695
loop1                     squashfs                                                                   0   100% /snap/core20/1328
loop2                     squashfs                                                                   0   100% /snap/lxd/23991
loop3                     squashfs
loop5                     squashfs                                                                   0   100% /snap/lxd/22753
loop6                     squashfs                                                                   0   100% /snap/snapd/17883
sda
├─sda1
├─sda2                    ext4                          1347b25b-64dd-4d97-80ce-90cd82397358      1.3G     7% /boot
└─sda3                    LVM2_member                   x7S6t2-at3n-E9kU-cz28-gAH3-QU9H-vyVuNf
  └─ubuntu--vg-ubuntu--lv ext4                          d940a45b-2440-4ece-9c0c-45ced4c52e39     25.3G    12% /
sdb
├─sdb1                    linux_raid_member sysadm-fs:0 f594bfe5-c78d-c34d-eb9a-220e68ca758d
│ └─md0                   LVM2_member                   kwrASQ-n1Ve-c9us-4zvz-NMt4-bPrm-TcBiiX
└─sdb2                    linux_raid_member sysadm-fs:1 476cef61-f4c0-ed26-a868-2ac4c86bdc1e
  └─md1                   LVM2_member                   dlTDOC-3bsn-ua8Q-ZCDu-W7aP-GGOH-JaElnq
    └─VG_0-lvol0          ext4                          25a3768c-5a27-4f88-9638-6fc1d4c748dc
sdc
├─sdc1                    linux_raid_member sysadm-fs:0 f594bfe5-c78d-c34d-eb9a-220e68ca758d
│ └─md0                   LVM2_member                   kwrASQ-n1Ve-c9us-4zvz-NMt4-bPrm-TcBiiX
└─sdc2                    linux_raid_member sysadm-fs:1 476cef61-f4c0-ed26-a868-2ac4c86bdc1e
  └─md1                   LVM2_member                   dlTDOC-3bsn-ua8Q-ZCDu-W7aP-GGOH-JaElnq
    └─VG_0-lvol0          ext4                          25a3768c-5a27-4f88-9638-6fc1d4c748dc
```

## 12. Смонтируйте этот раздел в любую директорию, например, /tmp/new
```shell
vagrant@sysadm-fs:~$ sudo mkdir /mnt/lvol0
vagrant@sysadm-fs:~$ sudo mount /dev/VG_0/lvol0 /mnt/lvol0
vagrant@sysadm-fs:~$ df -h
Filesystem                         Size  Used Avail Use% Mounted on
udev                               948M     0  948M   0% /dev
tmpfs                              199M 1012K  198M   1% /run
/dev/mapper/ubuntu--vg-ubuntu--lv   31G  3.8G   26G  14% /
tmpfs                              992M     0  992M   0% /dev/shm
tmpfs                              5.0M     0  5.0M   0% /run/lock
tmpfs                              992M     0  992M   0% /sys/fs/cgroup
/dev/loop0                          64M   64M     0 100% /snap/core20/1695
/dev/loop1                          62M   62M     0 100% /snap/core20/1328
/dev/loop5                          68M   68M     0 100% /snap/lxd/22753
/dev/sda2                          1.5G  110M  1.3G   8% /boot
vagrant                             78G   35G   44G  45% /vagrant
tmpfs                              199M     0  199M   0% /run/user/1000
/dev/loop6                          50M   50M     0 100% /snap/snapd/17883
/dev/loop2                          92M   92M     0 100% /snap/lxd/23991
/dev/mapper/VG_0-lvol0              93M   72K   86M   1% /mnt/lvol0
```

## 13. Поместите туда тестовый файл, например `wget https://mirror.yandex.ru/ubuntu/ls-lR.gz -O /tmp/new/test.gz`.
```shell
vagrant@sysadm-fs:~$ sudo wget https://mirror.yandex.ru/ubuntu/ls-lR.gz -O /mnt/lvol0/test.gz
--2022-11-30 01:19:10--  https://mirror.yandex.ru/ubuntu/ls-lR.gz
Resolving mirror.yandex.ru (mirror.yandex.ru)... 213.180.204.183, 2a02:6b8::183
Connecting to mirror.yandex.ru (mirror.yandex.ru)|213.180.204.183|:443... connected.
HTTP request sent, awaiting response... 200 OK
Length: 23671633 (23M) [application/octet-stream]
Saving to: ‘/mnt/lvol0/test.gz’

/mnt/lvol0/test.gz                                        100%[====================================================================================================================================>]  22.57M  2.50MB/s    in 7.0s

2022-11-30 01:19:17 (3.24 MB/s) - ‘/mnt/lvol0/test.gz’ saved [23671633/23671633]

```
## 14. Прикрепите вывод `lsblk`.
```shell
vagrant@sysadm-fs:~$ lsblk
NAME                      MAJ:MIN RM  SIZE RO TYPE  MOUNTPOINT
loop0                       7:0    0 63.2M  1 loop  /snap/core20/1695
loop1                       7:1    0 61.9M  1 loop  /snap/core20/1328
loop2                       7:2    0 91.8M  1 loop  /snap/lxd/23991
loop3                       7:3    0   48M  1 loop
loop5                       7:5    0 67.8M  1 loop  /snap/lxd/22753
loop6                       7:6    0 49.6M  1 loop  /snap/snapd/17883
sda                         8:0    0   64G  0 disk
├─sda1                      8:1    0    1M  0 part
├─sda2                      8:2    0  1.5G  0 part  /boot
└─sda3                      8:3    0 62.5G  0 part
  └─ubuntu--vg-ubuntu--lv 253:0    0 31.3G  0 lvm   /
sdb                         8:16   0  2.5G  0 disk
├─sdb1                      8:17   0    2G  0 part
│ └─md0                     9:0    0    2G  0 raid1
└─sdb2                      8:18   0  511M  0 part
  └─md1                     9:1    0 1018M  0 raid0
    └─VG_0-lvol0          253:1    0  100M  0 lvm   /mnt/lvol0
sdc                         8:32   0  2.5G  0 disk
├─sdc1                      8:33   0    2G  0 part
│ └─md0                     9:0    0    2G  0 raid1
└─sdc2                      8:34   0  511M  0 part
  └─md1                     9:1    0 1018M  0 raid0
    └─VG_0-lvol0          253:1    0  100M  0 lvm   /mnt/lvol0
```
## 15. Протестируйте целостность файла:
```shell
vagrant@sysadm-fs:~$ gzip -t /mnt/lvol0/test.gz
vagrant@sysadm-fs:~$ echo $?
0
```
## 16. Используя `pvmove`, переместите содержимое PV с RAID0 на RAID1
```shell
vagrant@sysadm-fs:~$ sudo pvmove /dev/md1 /dev/md0
  /dev/md1: Moved: 36.00%
  /dev/md1: Moved: 100.00%
vagrant@sysadm-fs:~$ lsblk
NAME                      MAJ:MIN RM  SIZE RO TYPE  MOUNTPOINT
loop0                       7:0    0 63.2M  1 loop  /snap/core20/1695
loop1                       7:1    0 61.9M  1 loop  /snap/core20/1328
loop2                       7:2    0 91.8M  1 loop  /snap/lxd/23991
loop3                       7:3    0   48M  1 loop
loop5                       7:5    0 67.8M  1 loop  /snap/lxd/22753
loop6                       7:6    0 49.6M  1 loop  /snap/snapd/17883
sda                         8:0    0   64G  0 disk
├─sda1                      8:1    0    1M  0 part
├─sda2                      8:2    0  1.5G  0 part  /boot
└─sda3                      8:3    0 62.5G  0 part
  └─ubuntu--vg-ubuntu--lv 253:0    0 31.3G  0 lvm   /
sdb                         8:16   0  2.5G  0 disk
├─sdb1                      8:17   0    2G  0 part
│ └─md0                     9:0    0    2G  0 raid1
│   └─VG_0-lvol0          253:1    0  100M  0 lvm   /mnt/lvol0
└─sdb2                      8:18   0  511M  0 part
  └─md1                     9:1    0 1018M  0 raid0
sdc                         8:32   0  2.5G  0 disk
├─sdc1                      8:33   0    2G  0 part
│ └─md0                     9:0    0    2G  0 raid1
│   └─VG_0-lvol0          253:1    0  100M  0 lvm   /mnt/lvol0
└─sdc2                      8:34   0  511M  0 part
  └─md1                     9:1    0 1018M  0 raid0
```
## 17. Сделайте --fail на устройство в вашем RAID1 md.
```shell
vagrant@sysadm-fs:~$ sudo mdadm /dev/md0 --fail /dev/sdb1
mdadm: set /dev/sdb1 faulty in /dev/md0
vagrant@sysadm-fs:~$ cat /proc/mdstat
Personalities : [linear] [multipath] [raid0] [raid1] [raid6] [raid5] [raid4] [raid10]
md1 : active raid0 sdc2[1] sdb2[0]
      1042432 blocks super 1.2 512k chunks

md0 : active raid1 sdc1[1] sdb1[0](F)
      2094080 blocks super 1.2 [2/1] [_U]

unused devices: <none>
```
## 18. Подтвердите выводом `dmesg`, что RAID1 работает в деградированном состоянии.
```shell
vagrant@sysadm-fs:~$ dmesg | grep md0
[54859.606355] md/raid1:md0: not clean -- starting background reconstruction
[54859.606359] md/raid1:md0: active with 2 out of 2 mirrors
[54859.606423] md0: detected capacity change from 0 to 2144337920
[54859.612925] md: resync of RAID array md0
[54870.182962] md: md0: resync done.
[56034.812612] md/raid1:md0: Disk failure on sdb1, disabling device.
               md/raid1:md0: Operation continuing on 1 devices.
```

## 19. Протестируйте целостность файла, несмотря на "сбойный" диск он должен продолжать быть доступен:
```shell
vagrant@sysadm-fs:~$ gzip -t /mnt/lvol0/test.gz
vagrant@sysadm-fs:~$ echo $?
0
```

## 20. Погасите тестовый хост, `vagrant destroy`.
```
vagrant@sysadm-fs:~$ exit
logout
Connection to 127.0.0.1 closed.
denis@denis-lin(0):~/netology/vagrand$ vagrant destroy
    default: Are you sure you want to destroy the 'default' VM? [y/N] y
==> default: Forcing shutdown of VM...
==> default: Destroying VM and associated drives...
```
